
=== STEP 1: Building EXE === 
ninja: no work to do.
Build OK 
=== STEP 2: Copy EXE to dist === 
        1 file(s) copied.
Copy OK 
=== STEP 3: windeployqt === 
Adding local dependencyC:/Users/Mahir/Downloads/DracoVed/DracoVed/DracoVed_cpp_version/dracoved_app/dist/libgcc_s_seh-1.dll
Adding local dependencyC:/Users/Mahir/Downloads/DracoVed/DracoVed/DracoVed_cpp_version/dracoved_app/dist/libstdc++-6.dll
Adding local dependencyC:/Users/Mahir/Downloads/DracoVed/DracoVed/DracoVed_cpp_version/dracoved_app/dist/libwinpthread-1.dll
C:\Users\Mahir\Downloads\DracoVed\DracoVed\DracoVed_cpp_version\dracoved_app\dist\dracoved_app.exe 64 bit, release executable
Adding in plugin type generic for module: Qt6Gui
Adding in plugin type iconengines for module: Qt6Gui
Adding in plugin type imageformats for module: Qt6Gui
Adding in plugin type networkinformation for module: Qt6Network
Adding in plugin type platforms for module: Qt6Gui
Adding in plugin type styles for module: Qt6Widgets
Adding in plugin type tls for module: Qt6Network
Skipping plugin qopensslbackend.dll. Use -force-openssl or specify -openssl-root if you want to use it.
Direct dependencies: Qt6Core Qt6Gui Qt6Network Qt6Svg Qt6Widgets
All dependencies   : Qt6Core Qt6Gui Qt6Network Qt6Svg Qt6Widgets
To be deployed     : Qt6Core Qt6Gui Qt6Network Qt6Svg Qt6Widgets
Warning: Cannot find any version of the dxcompiler.dll and dxil.dll.
Qt6Core.dll is up to date.
Qt6Gui.dll is up to date.
Qt6Network.dll is up to date.
Qt6Svg.dll is up to date.
Qt6Widgets.dll is up to date.
opengl32sw.dll is up to date.
D3Dcompiler_47.dll is up to date.
libgcc_s_seh-1.dll is up to date.
libstdc++-6.dll is up to date.
libwinpthread-1.dll is up to date.
qtuiotouchplugin.dll is up to date.
qsvgicon.dll is up to date.
qgif.dll is up to date.
qico.dll is up to date.
qjpeg.dll is up to date.
qsvg.dll is up to date.
qnetworklistmanager.dll is up to date.
qwindows.dll is up to date.
qmodernwindowsstyle.dll is up to date.
qcertonlybackend.dll is up to date.
qschannelbackend.dll is up to date.
windeployqt OK 
=== STEP 4: Copy swedll64.dll === 
        1 file(s) copied.
DLL copy OK 
=== STEP 5: xcopy ephe === 
C:\Users\Mahir\Downloads\DracoVed\DracoVed\DracoVed_cpp_version\ephe\seas_18.se1
C:\Users\Mahir\Downloads\DracoVed\DracoVed\DracoVed_cpp_version\ephe\seas_24.se1
C:\Users\Mahir\Downloads\DracoVed\DracoVed\DracoVed_cpp_version\ephe\sefstars.txt
C:\Users\Mahir\Downloads\DracoVed\DracoVed\DracoVed_cpp_version\ephe\semo_18.se1
C:\Users\Mahir\Downloads\DracoVed\DracoVed\DracoVed_cpp_version\ephe\semo_24.se1
C:\Users\Mahir\Downloads\DracoVed\DracoVed\DracoVed_cpp_version\ephe\sepl_18.se1
C:\Users\Mahir\Downloads\DracoVed\DracoVed\DracoVed_cpp_version\ephe\sepl_24.se1
7 File(s) copied
ephe copy OK 
=== ALL STEPS COMPLETE === 
